// Jest Snapshot v1, https://goo.gl/fbAQLP

exports[`assign should throw when target is null or undefined 1`] = `"Cannot call method on null or undefined"`;

exports[`assign should throw when target is null or undefined 2`] = `"Cannot call method on null or undefined"`;

exports[`assign should throw when target is null or undefined 3`] = `"Cannot call method on null or undefined"`;
