// Jest Snapshot v1, https://goo.gl/fbAQLP

exports[`defineValidatorProperty should throw error for non object 1`] = `"Not an object."`;
