// Jest Snapshot v1, https://goo.gl/fbAQLP

exports[`defineValidatorProperties should throw error for non object 1`] = `"Not an object"`;
