// Jest Snapshot v1, https://goo.gl/fbAQLP

exports[`drop should throw when array is null or undefined 1`] = `"Cannot call method on null or undefined"`;

exports[`drop should throw when array is null or undefined 2`] = `"Cannot call method on null or undefined"`;

exports[`drop should throw when array is null or undefined 3`] = `"Cannot call method on null or undefined"`;
