// Jest Snapshot v1, https://goo.gl/fbAQLP

exports[`find() should throw TypeError when function was not passed 1`] = `"Not a function"`;
