// Jest Snapshot v1, https://goo.gl/fbAQLP

exports[`basic tests should throw TypeError everything 1`] = `"Cannot call method on null or undefined"`;

exports[`basic tests should throw TypeError everything 2`] = `"Cannot call method on null or undefined"`;

exports[`basic tests should throw TypeError everything 3`] = `"Cannot call method on null or undefined"`;
