// Jest Snapshot v1, https://goo.gl/fbAQLP

exports[`toInteger Basic 1`] = `"No default value"`;
